// Jest Snapshot v1, https://goo.gl/fbAQLP

exports[`should render RecipeGrid correctly 1`] = `
<div>
  <Navbar />
  <div
    className="container"
  >
    <styled.div>
      <RecipeCard
        key="fried-eggs"
        recipe={
          Object {
            "addedAt": 1510753425607,
            "category": "breakfast",
            "directions": "Heat butter in nonstick skillet. Break eggs and slip into pan, one at a time. Cook slowly until whites are completely set and yolks begin to thicken but are not hard, 5 to 6 minutes. Slide turner under each egg and carefully flip it over in pan. Cook second side to desired doneness. Sprinkle with salt and pepper. Serve immediately.",
            "image": "assets/images/fried-eggs.jpg",
            "ingredients": Array [
              Object {
                "name": "eggs",
                "quantity": "2-4",
              },
              Object {
                "name": "butter",
              },
              Object {
                "name": "salt",
              },
              Object {
                "name": "pepper",
              },
            ],
            "name": "Fried Eggs",
            "slug": "fried-eggs",
            "tags": Array [
              "quick&easy",
              "healthy",
            ],
            "time": "9 minutes",
            "yields": "2 to 4 servings",
          }
        }
      />
      <RecipeCard
        key="pancakes"
        recipe={
          Object {
            "addedAt": 1510580625607,
            "category": "breakfast",
            "directions": "Whisk eggs, milk and vanilla together in a jug. Sift flour into a large bowl. Stir in sugar. Make a well in the centre. Add milk mixture. Whisk until just combined. Heat a large non-stick frying pan over medium heat. Grease pan with butter. cook 2 pancakes for 2 minutes or until bubbles appear on surface. Turn and cook for a further 1-2 minutes or until cooked through.",
            "image": "assets/images/pancakes.jpg",
            "ingredients": Array [
              Object {
                "name": "eggs",
                "quantity": "2",
              },
              Object {
                "name": "milk",
                "quantity": "1 3/4 cup",
              },
              Object {
                "name": "vanilla essence",
                "quantity": "1 teaspoon",
              },
              Object {
                "name": "flour",
                "quantity": "2 cups",
              },
              Object {
                "name": "butter",
              },
            ],
            "name": "Pancakes",
            "slug": "pancakes",
            "tags": Array [
              "quick&easy",
            ],
            "time": "35 minutes",
            "yields": "16 pancakes",
          }
        }
      />
      <RecipeCard
        key="oatmeal"
        recipe={
          Object {
            "addedAt": 1510321425607,
            "category": "breakfast",
            "directions": "Prepare the oats according to the package directions. Top with the fruits and sunflower seeds.",
            "image": "assets/images/oatmeal.jpg",
            "ingredients": Array [
              Object {
                "name": "quick-cooking oats",
                "quantity": "1 serving",
              },
              Object {
                "name": "fruits",
                "quantity": "1/2 cup",
              },
              Object {
                "name": "sunflower seeds",
                "quantity": "1 tablespoon",
              },
            ],
            "name": "Oatmeal",
            "slug": "oatmeal",
            "tags": Array [
              "quick&easy",
              "healthy",
              "vegan",
            ],
            "time": "10 minutes",
            "yields": "1 serve",
          }
        }
      />
      <RecipeCard
        key="waffles"
        recipe={
          Object {
            "addedAt": 1510062225607,
            "category": "breakfast",
            "directions": "Combine almond milk and vinegar in a small mixing bowl and let set for a few minutes. Then add olive oil. Add dry ingredients to a large mixing bowl and whisk until well combined. Add wet ingredients to dry and mix until well incorporated. Let set for 5-10 minutes while your waffle iron preheats. Once waffle iron is ready, pour on about 1/2 cup of batter. Cook according to manufacturer instructions. Serve immediately with desired toppings.",
            "image": "assets/images/waffles.jpg",
            "ingredients": Array [
              Object {
                "name": "unsweetened almond milk ",
                "quantity": "1 1/4 cup",
              },
              Object {
                "name": "white or apple cider vinegar",
                "quantity": "1 teaspoon",
              },
              Object {
                "name": "olive",
                "quantity": "1/4 cup",
              },
              Object {
                "name": "agave nectar",
                "quantity": "1/4 cup",
              },
              Object {
                "name": "gluten-free rolled oats",
                "quantity": "1/2 cup",
              },
              Object {
                "name": "gluten-free flour blend",
                "quantity": "1 3/4 cups",
              },
              Object {
                "name": "baking powder",
                "quantity": "1 1/2 teaspoon",
              },
              Object {
                "name": "pinch sea salt",
              },
            ],
            "name": "Waffles",
            "slug": "waffles",
            "tags": Array [
              "vegan",
              "gluten free",
              "healthy",
            ],
            "time": "30 minutes",
            "yields": "5 - 6 servings",
          }
        }
      />
      <RecipeCard
        key="bacon-and-tomato-sandwich"
        recipe={
          Object {
            "addedAt": 1509543825607,
            "category": "breakfast",
            "directions": "Assemble sandwich.",
            "image": "assets/images/bacon-tomato-sandwich.jpg",
            "ingredients": Array [
              Object {
                "name": "bread (toasted if desired)",
                "quantity": "2 slices",
              },
              Object {
                "name": "bacon",
                "quantity": "4 slices",
              },
              Object {
                "name": "tomato",
                "quantity": "1",
              },
              Object {
                "name": "mayonnaise",
                "quantity": "1 tablespoon",
              },
              Object {
                "name": "salt and paper",
              },
            ],
            "name": "Bacon and Tomato Sandwich",
            "slug": "bacon-and-tomato-sandwich",
            "tags": Array [
              "quick&easy",
              "meat",
            ],
            "time": "2 minutes",
            "yields": "1 serving",
          }
        }
      />
      <RecipeCard
        key="bacon-and-cheese-fries"
        recipe={
          Object {
            "addedAt": 1510494225607,
            "category": "dinner",
            "directions": "Cook French fries according to package directions. Place fries on a broiler-proof dish or platter. Sprinkle with cheese, onions and bacon. Broil for 1-2 minutes or until cheese is melted. Serve with ranch dressing.",
            "image": "assets/images/bacon-cheese-fries.jpg",
            "ingredients": Array [
              Object {
                "name": "french fries",
                "quantity": "1 package",
              },
              Object {
                "name": "grated cheese",
                "quantity": "1 cup",
              },
              Object {
                "name": "crumbled cooked bacon",
                "quantity": "1/4 cup",
              },
              Object {
                "name": "thinly sliced green onions",
                "quantity": "1/2 cup",
              },
              Object {
                "name": "ranch salad dressing",
              },
            ],
            "name": "Bacon & Cheese Fries",
            "slug": "bacon-and-cheese-fries",
            "tags": Array [
              "meat",
              "quick&easy",
            ],
            "time": "25 minutes",
            "yields": "8 - 10 servings",
          }
        }
      />
      <RecipeCard
        key="spaghetti-with-asparagus-smoked-mozzarella-and-prosciutto"
        recipe={
          Object {
            "addedAt": 1510321425607,
            "category": "dinner",
            "directions": "Cook the asparagus in a large pot of boiling salted water until crisp tender, about 2 to 3 minutes. When cool, strain, cut asparagus into 1-inch pieces, and set aside. Cook the pasta until al dente. Heat the oil in a heavy large skillet over medium heat. Add asparagus to the skillet. Season with salt and pepper, to taste. Add the pasta, prosciutto and mozzarella. Season with salt and pepper, to taste, and serve.",
            "image": "assets/images/mozarella-spaghetti.jpg",
            "ingredients": Array [
              Object {
                "name": "spaghetti",
                "quantity": "3/4 pound",
              },
              Object {
                "name": "asparagus",
                "quantity": "2 pounds",
              },
              Object {
                "name": "mozzarella cheese",
                "quantity": "about 1 cup",
              },
              Object {
                "name": "thinly sliced prosciutto",
                "quantity": "6 ounces",
              },
              Object {
                "name": "olive oil",
                "quantity": "4 tablespoons",
              },
              Object {
                "name": "salt and pepper",
              },
            ],
            "name": "Spaghetti with Asparagus, Smoked Mozzarella and Prosciutto",
            "slug": "spaghetti-with-asparagus-smoked-mozzarella-and-prosciutto",
            "tags": Array [
              "meat",
              "quic&easy",
              "healthy",
            ],
            "time": "25 minutes",
            "yields": "6 to 8 servings",
          }
        }
      />
      <RecipeCard
        key="beef-noodle-soup"
        recipe={
          Object {
            "addedAt": 1509975825607,
            "category": "dinner",
            "directions": "Cut beef into larger chunks and then place in a large pot with enough cold water. Throw one spring onion and several ginger slices, bring to a boil and then pick the beef chunks out. Heat up around 2 tablespoons of oil for half minute over slow fire, then place garlic, ginger, and onion in, fry until aromatic. Return cooked beef and stir for several minutes until the beef is slightly browned, place tomato wedges and add warm stock to cover all the content. Bring to boil and then slow down the fire and simmer for around 1 hour. Pick the beef out and strain the liquid to remove cooked vegetables and spices, add salt to taste and simmer for another 15-20 minutes. Cook noodles according to package instructions. Transfer noodles to serving bowl, pour in soup base and top with beef.",
            "image": "assets/images/beef-noodle-soup.jpg",
            "ingredients": Array [
              Object {
                "name": "beef shank or sirloin",
                "quantity": "1000g",
              },
              Object {
                "name": "beef bone stock",
                "quantity": "2L",
              },
              Object {
                "name": "vegetable oil",
                "quantity": "2 tablespoons",
              },
              Object {
                "name": "tomato",
                "quantity": "1 middle size",
              },
              Object {
                "name": "red onion",
                "quantity": "1/2",
              },
              Object {
                "name": "soy sauce",
                "quantity": "2 tablespoons",
              },
              Object {
                "name": "noodles",
                "quantity": "for 3 - 4 servings",
              },
              Object {
                "name": "Sichuan peppercorn",
                "quantity": "1 teaspoon",
              },
              Object {
                "name": "salt",
              },
            ],
            "name": "Beef Noodle Soup",
            "slug": "beef-noodle-soup",
            "tags": Array [
              "meat",
              "healthy",
              "spicy",
            ],
            "time": "about 2 hours",
            "yields": "4 - 6 servings",
          }
        }
      />
      <RecipeCard
        key="clams-in-white-wine"
        recipe={
          Object {
            "addedAt": 1509630225607,
            "category": "dinner",
            "directions": "In a large skillet with a lid, heat butter and olive oil over medium heat. Once butter melts, add shallot and garlic. Cook about 1 minute. Add clams to skillet, pour wine over the top. Cover and cook for 10 minutes or until shells open. Try to refrain from removing the lid during the first 10 minutes. Carefully transfer clams and broth to a serving bowl.",
            "image": "assets/images/clams.jpg",
            "ingredients": Array [
              Object {
                "name": "manila clams",
                "quantity": "1 1/2 pounds",
              },
              Object {
                "name": "white wine",
                "quantity": "1/2 cup",
              },
              Object {
                "name": "olive oil",
                "quantity": "1 tablespoon",
              },
              Object {
                "name": "butter",
                "quantity": "1 tablespoon",
              },
              Object {
                "name": "shallot",
                "quantity": "1",
              },
              Object {
                "name": "garlic",
                "quantity": "3 cloves",
              },
            ],
            "name": "Clams in White Wine",
            "slug": "clams-in-white-wine",
            "tags": Array [
              "quick&easy",
              "healthy",
            ],
            "time": "21 minutes",
            "yields": "4 servings",
          }
        }
      />
      <RecipeCard
        key="vegan-dumplings"
        recipe={
          Object {
            "addedAt": 1509457425607,
            "category": "dinner",
            "directions": "Combine flour, water and salt in a bowl. Mix to form a slightly sticky dough. Divide into 12. Roll out each ball between two sheets of wax paper as thin as possible. Add all the veggies to a non-stick skillet over medium high heat. Once they begin to sizzle, add about 1/3 cup of water, cover the pan, and let them steam for 4-5 minutes over medium heat till soft. Remove from heat and allow to cool for 5-10 minutes. Remove one wrapper from the bowl. Spoon about a teaspoon of filling into the center of the wrapper. Fold in half and press the edges together firmly. Fill a shallow pan with enough water to completely cover the bottom. Bring to a boil. Add your dumplings. Cover and steam for 5-6 minutes. Remove from the pan. Serve plain or with dipping sauce of your choice.",
            "image": "assets/images/dumplings.jpg",
            "ingredients": Array [
              Object {
                "name": "white rice flour",
                "quantity": "1 cup",
              },
              Object {
                "name": "tapioca flour",
                "quantity": "1/2 cup",
              },
              Object {
                "name": "boiling water",
                "quantity": "1 cup",
              },
              Object {
                "name": "salt",
                "quantity": "1/2 teaspoon",
              },
              Object {
                "name": "chopped mushrooms",
                "quantity": "1 cup",
              },
              Object {
                "name": "shredded carrots",
                "quantity": "1 cup",
              },
              Object {
                "name": "cabbage",
                "quantity": "2 cups",
              },
            ],
            "name": "Vegan Dumplings",
            "slug": "vegan-dumplings",
            "tags": Array [
              "vegan",
              "gluten free",
              "healthy",
            ],
            "time": "45 minutes",
            "yields": "15 dumplings",
          }
        }
      />
      <RecipeCard
        key="vegan-strawberry-ice-cream"
        recipe={
          Object {
            "addedAt": 1510667025607,
            "category": "dessert",
            "directions": "Combine all ingredients in a strong blender or food processor and mix just until smooth. Transfer to a plastic container and place in freezer for 30 minutes. Churn the mixture with a sturdy whisk or fork, breaking up any ice crystals or frozen bits; return it to the freezer for another half-hour. Repeat until it firms up (about 3 hours altogether).",
            "image": "assets/images/ice-cream.jpg",
            "ingredients": Array [
              Object {
                "name": "frozen strawberries",
                "quantity": "1 pound",
              },
              Object {
                "name": "coconut milk",
                "quantity": "1 can",
              },
              Object {
                "name": "liquid Stevia",
                "quantity": "1/4 teaspoon",
              },
              Object {
                "name": "lemon juice",
                "quantity": "1 1/2 teaspoons",
              },
            ],
            "name": "Vegan Strawberry Ice Cream",
            "slug": "vegan-strawberry-ice-cream",
            "tags": Array [
              "vegan",
              "quick&easy",
            ],
            "time": "3 hours",
            "yields": "8 servings",
          }
        }
      />
      <RecipeCard
        key="tiramisu"
        recipe={
          Object {
            "addedAt": 1510580625607,
            "category": "dessert",
            "directions": "Combine egg yolks and sugar in the top of a double boiler, over boiling water. Reduce heat to low, and cook for about 10 minutes, stirring constantly. Add Mascarpone to whipped yolks, beat until combined. In a separate bowl, whip cream to stiff peaks. Gently fold the whipped cream in the mascarpone sabayon mixture and set aside. Mix the cold espresso with the coffee liquor and dip the lady fingers into the mixture. Arrange the lady fingers in the bottom of a baking dish.Spoon half the mascarpone cream filling over the lady fingers. Repeat process. Refrigerate 4 hours or overnight. Dust with cocoa before serving.",
            "image": "assets/images/tiramisu.jpg",
            "ingredients": Array [
              Object {
                "name": "egg yolks",
                "quantity": "6",
              },
              Object {
                "name": "sugar",
                "quantity": "1 cup",
              },
              Object {
                "name": "mascarpone cheese",
                "quantity": "1 1/4 cup",
              },
              Object {
                "name": "heavy whipping cream",
                "quantity": "1 3/4 cup",
              },
              Object {
                "name": "Italian Lady fingers",
                "quantity": "2 - 7 oz packages",
              },
              Object {
                "name": "cold espresso or strong coffee",
                "quantity": "1 cup",
              },
              Object {
                "name": "coffee flavored Liqueur",
                "quantity": "1/2 cup",
              },
              Object {
                "name": "cocoa for dusting ",
                "quantity": "1 ounce",
              },
            ],
            "name": "Tiramisu",
            "slug": "tiramisu",
            "tags": Array [],
            "time": "40 minutes",
            "yields": "9 servings",
          }
        }
      />
      <RecipeCard
        key="strawberry-smoothie"
        recipe={
          Object {
            "addedAt": 1510235025607,
            "category": "dessert",
            "directions": "In blender, place yogurt, strawberries and juice. Cover. Blend on medium speed about 2 minutes or until smooth. Pour into serving glass. Serve immediately.",
            "image": "assets/images/strawberry-smoothie.jpg",
            "ingredients": Array [
              Object {
                "name": "strawberry yogurt",
                "quantity": "1 container",
              },
              Object {
                "name": "sliced fresh or frozen strawberries",
                "quantity": "1/2 cup",
              },
              Object {
                "name": "orange or pineapple juice",
                "quantity": "1/2 cup",
              },
            ],
            "name": "Strawberry Smoothie",
            "slug": "strawberry-smoothie",
            "tags": Array [
              "quick&easy",
            ],
            "time": "10 minutes",
            "yields": "1 serving",
          }
        }
      />
      <RecipeCard
        key="cheesecake"
        recipe={
          Object {
            "addedAt": 1509716625607,
            "category": "dessert",
            "directions": "Preheat the oven to 350°F. Make the crust by stirring together all of the crust ingredients, mixing until thoroughly combined. Press the crumbs into the bottom and up the sides of the pie pan. Make the filling by mixing together the room-temperature cream cheese and sugar until smooth. Mix in the eggs and vanilla, again mixing until smooth. Pour the filling into the crust. Place the cheesecake in the oven. Bake it for 20 minutes, then add a crust shield. Bake for an additional 10 minutes (for a total of about 30 minutes). Remove the cheesecake from the oven, and set it on a rack to cool.",
            "image": "assets/images/cheesecake.jpg",
            "ingredients": Array [
              Object {
                "name": "graham cracker",
                "quantity": "1 1/2 cups",
              },
              Object {
                "name": "sugar",
                "quantity": "1 cup",
              },
              Object {
                "name": "melted butter",
                "quantity": "1/3 cup",
              },
              Object {
                "name": "salt",
                "quantity": "1/8 teaspoon",
              },
              Object {
                "name": "cream cheese",
                "quantity": "2 cups",
              },
              Object {
                "name": "eggs",
                "quantity": "2",
              },
              Object {
                "name": "vanilla extract",
                "quantity": "1 teaspoon",
              },
            ],
            "name": "Cheesecake",
            "slug": "cheesecake",
            "tags": Array [],
            "time": "108 minutes",
            "yields": "8 - 10 servings",
          }
        }
      />
      <RecipeCard
        key="coconut-panna-cotta"
        recipe={
          Object {
            "addedAt": 1509371025607,
            "category": "dessert",
            "directions": "Pour the coconut milk and milk into a saucepan, then add the sugar. Split the vanilla pod in half and scrape out the seeds, then add to the pan with the empty pod. Bring to the boil, then remove from the heat and leave to infuse for 5 mins. Spoon 200ml of the hot mixture into a small bowl. Shake over the gelatine and whisk into the mixture until dissolved. Pour into 6 x 200ml metal dariole moulds and place in the fridge for at least 2 hrs until firm with a slight wobble.",
            "image": "assets/images/panna-cotta.jpg",
            "ingredients": Array [
              Object {
                "name": "coconut milk",
                "quantity": "800ml",
              },
              Object {
                "name": "full-fat milk",
                "quantity": "400ml",
              },
              Object {
                "name": "caster sugar",
                "quantity": "100g",
              },
              Object {
                "name": "vanilla pod",
                "quantity": "1",
              },
              Object {
                "name": "powdered gelatine",
                "quantity": "2 x 12g sachets",
              },
              Object {
                "name": "coconut chips",
                "quantity": "handful",
              },
            ],
            "name": "Coconut Panna Cotta",
            "slug": "coconut-panna-cotta",
            "tags": Array [
              "quick&easy",
            ],
            "time": "20 minutes",
            "yields": "6 servings",
          }
        }
      />
      <RecipeCard
        key="burger"
        recipe={
          Object {
            "addedAt": 1510753425607,
            "category": "snacks",
            "directions": "In a bowl, mix ground beef, egg, onion, bread crumbs, salt and pepper until well blended. Divide mixture into four equal portions and shape each into a patty. Lay burgers on an oiled barbecue grill. Cook burgers, turning once, until browned on both sides and no longer pink inside, 7 to 8 minutes total. Remove from grill. Lay buns, cut side down, on grill and cook until lightly toasted, 30 seconds to 1 minute. Spread mayonnaise on bun bottoms. Add lettuce, burger, onion, and salt and pepper to taste.",
            "image": "assets/images/burger.jpg",
            "ingredients": Array [
              Object {
                "name": "ground lean beef",
                "quantity": "1 pound",
              },
              Object {
                "name": "egg",
                "quantity": "1",
              },
              Object {
                "name": "minced onion",
                "quantity": "1/2 cup",
              },
              Object {
                "name": "bread crumbs",
                "quantity": "1/4 cup",
              },
              Object {
                "name": "hamburger buns",
                "quantity": "4",
              },
              Object {
                "name": "mayonnaise",
                "quantity": "about 1/4 cup",
              },
              Object {
                "name": "red onion",
                "quantity": "4 thin slices",
              },
              Object {
                "name": "iceberg lettuce",
                "quantity": "4 leaves",
              },
              Object {
                "name": "salt and pepper",
              },
            ],
            "name": "Burger",
            "slug": "burger",
            "tags": Array [
              "meat",
            ],
            "time": "30 minutes",
            "yields": "4 servings",
          }
        }
      />
      <RecipeCard
        key="french-fries"
        recipe={
          Object {
            "addedAt": 1510667025607,
            "category": "snacks",
            "directions": "Cut the Potatoes. Put the cut potatoes in a large bowl, cover with cool water, and soak for at least 20 minutes. Drain the potatoes and pat them dry with paper towels. Bring at least 2 inches of oil in a large pot. Fry potatoes, at this fairly low temperature until the fries are cooked through but still as pale as they were when you put them in the oil, about 5 minutes. Lift the potatoes out of the oil and let the rest of it drain. Just before serving fry over high heat, till a golden brown and serve.",
            "image": "assets/images/french-fries.jpg",
            "ingredients": Array [
              Object {
                "name": "potatoes",
                "quantity": "250g",
              },
              Object {
                "name": "salt",
                "quantity": "1 tablespoon",
              },
              Object {
                "name": "oil",
              },
            ],
            "name": "French Fries",
            "slug": "french-fries",
            "tags": Array [
              "quic&easy",
            ],
            "time": "30 minutes",
            "yields": "1 serving",
          }
        }
      />
      <RecipeCard
        key="popcorn"
        recipe={
          Object {
            "addedAt": 1510494225607,
            "category": "snacks",
            "directions": "Heat the oil in a saucepan or pot with a lid set over medium-high heat. Pour in popcorn kernels and sprinkle enough salt to lightly cover the layer of kernels. Add the butter to the pot and cover with the lid. As soon as the kernels start to pop, shake the pan back and forth across the burner constantly until the popping slows down. As soon as the pops are about 2 seconds apart, remove from the heat and pour into a serving bowl. Taste, and season with additional salt if desired.",
            "image": "assets/images/popcorn.jpg",
            "ingredients": Array [
              Object {
                "name": "peanut oil",
                "quantity": "3 tablespoons",
              },
              Object {
                "name": "butter",
                "quantity": "2 tablespoons",
              },
              Object {
                "name": "unpopped popcorn",
                "quantity": "1/2 cup",
              },
              Object {
                "name": "salt",
                "quantity": "1/2 teaspoon",
              },
            ],
            "name": "Popcorn",
            "slug": "popcorn",
            "tags": Array [
              "quick&easy",
            ],
            "time": "10 minutes",
            "yields": "5 servings",
          }
        }
      />
      <RecipeCard
        key="tomato-bruschetta"
        recipe={
          Object {
            "addedAt": 1510235025607,
            "category": "snacks",
            "directions": "Preheat oven to 300°F. Tear each tomato in half and press out and discard the seeds. Arrange tomatoes on prepared baking sheet in one layer, season with salt, and drizzle all over with olive oil. Transfer to oven and cook until excess juices have evaporated (about 1 hour). Transfer oven-roasted tomatoes to a work surface and chop finely. Transfer to a large mixing bowl. Add olive oil and basil and stir well. Season with salt and add red wine vinegar, about 1 teaspoon at a time, until tomatoes are very lightly tart. Stir in a pinch of sugar. Rub top sides of toasts all over with garlic. Spoon tomatoes on top and serve.",
            "image": "assets/images/bruschetta.jpg",
            "ingredients": Array [
              Object {
                "name": "peeled whole tomatoes",
                "quantity": "2 cans",
              },
              Object {
                "name": "olive oil",
                "quantity": "1/4 cup",
              },
              Object {
                "name": "basil leaves",
                "quantity": "15",
              },
              Object {
                "name": "freshly toasted sliced bread",
                "quantity": "",
              },
              Object {
                "name": "red wine vinegar",
                "quantity": "to taste",
              },
              Object {
                "name": "sugar",
                "quantity": "to taste",
              },
              Object {
                "name": "halved garlic cloves",
              },
              Object {
                "name": "salt",
              },
            ],
            "name": "Tomato Bruschetta",
            "slug": "tomato-bruschetta",
            "tags": Array [
              "quick&easy",
              "vegan",
            ],
            "time": "25 minutes",
            "yields": "2 servings",
          }
        }
      />
      <RecipeCard
        key="mixed-nuts"
        recipe={
          Object {
            "addedAt": 1509803025607,
            "category": "snacks",
            "directions": "Simply mix everything in a large mixing bow.",
            "image": "assets/images/nuts.jpg",
            "ingredients": Array [
              Object {
                "name": "European almonds",
                "quantity": "1/4 cup",
              },
              Object {
                "name": "walnuts",
                "quantity": "1/4 cup",
              },
              Object {
                "name": "hazelnuts",
                "quantity": "1/4 cup",
              },
              Object {
                "name": "cashews",
                "quantity": "1/4 cup",
              },
              Object {
                "name": "pumpkin seeds",
                "quantity": "3 Tbsp",
              },
              Object {
                "name": "sunflower seeds",
                "quantity": "2 Tbsp",
              },
              Object {
                "name": "organic raisins",
                "quantity": "3 Tbsp",
              },
              Object {
                "name": "organic dried cranberries",
                "quantity": "3 Tbsp",
              },
              Object {
                "name": "dried goji berries",
                "quantity": "2 Tbsp",
              },
            ],
            "name": "Mixed Nuts",
            "slug": "mixed-nuts",
            "tags": Array [
              "quick&easy",
              "vegan",
            ],
            "time": "2 minutes",
            "yields": "8 servings",
          }
        }
      />
      <RecipeCard
        key="strawberry-cocktail"
        recipe={
          Object {
            "addedAt": 1510667025607,
            "category": "drinks",
            "directions": "Put a few strawberries into a tall 16 oz glass and muddle with a spoon. Add Seagram's Escapes, Sprite, Club Soda, a squeeze of fresh lime and stir. Fill glass with ice. Garnish with strawberry or a lime and enjoy!",
            "image": "assets/images/strawberry-cocktail.jpg",
            "ingredients": Array [
              Object {
                "name": "fresh strawberries",
                "quantity": "2-3",
              },
              Object {
                "name": "Seagram's Escapes Strawberry Daiquiri",
                "quantity": "6 oz",
              },
              Object {
                "name": "Sprite",
                "quantity": "3 oz",
              },
              Object {
                "name": "Club Soda",
                "quantity": "3 oz",
              },
              Object {
                "name": "fresh lime",
                "quantity": "1 squeeze",
              },
              Object {
                "name": "ice",
              },
            ],
            "name": "Strawberry Cocktail",
            "slug": "strawberry-cocktail",
            "tags": Array [
              "quick&easy",
            ],
            "time": "5 minutes",
            "yields": "1 glass",
          }
        }
      />
      <RecipeCard
        key="nettle-tea-mojito"
        recipe={
          Object {
            "addedAt": 1510494225607,
            "category": "drinks",
            "directions": "Brew tea all together with the 1/2 cup hot water and 2 tea bags in a cup. To your cocktail glasses, split the tea in half, pouring in each glass. Add 1/4 tsp of raw honey to each glass and stir to dissolve in the hot water. Next, squeeze half a lime in each glass and stir. Tear mint leaves up by hand a bit to release some of the oils and divide evenly amongst glasses. Now add your crushed ice, followed by your sparkling or cold water to fill to the top with. Garnish with whole mint leaves and serve.",
            "image": "assets/images/tea-mojito.jpg",
            "ingredients": Array [
              Object {
                "name": "lime",
                "quantity": "1",
              },
              Object {
                "name": "hot water",
                "quantity": "1/2 cup",
              },
              Object {
                "name": "Nettle Tea",
                "quantity": "2 bags",
              },
              Object {
                "name": "raw honey",
                "quantity": "1/2 teaspoon",
              },
              Object {
                "name": "crushed ice",
                "quantity": "1 cup",
              },
              Object {
                "name": "sparkling water",
                "quantity": "1/2 cup",
              },
              Object {
                "name": "fresh mint leaves",
                "quantity": "1/2 cup",
              },
            ],
            "name": "Nettle Tea Mojito",
            "slug": "nettle-tea-mojito",
            "tags": Array [
              "quick&easy",
            ],
            "time": "15 minutes",
            "yields": "2 servings",
          }
        }
      />
      <RecipeCard
        key="matcha-green-tea-latte"
        recipe={
          Object {
            "addedAt": 1510148625607,
            "category": "drinks",
            "directions": "Spoon the matcha green tea powder and the sugar into a mug or cup. Add the warm water and mix with a spoon or with a whisk until it is a smooth dark green paste to ensure no lumps form. Warm the milk in a small saucepan and pour into the mug until nearly full. Use cold milk for an iced latte. Use a whisk to mix the paste and milk together until smooth and light green in colour.",
            "image": "assets/images/matcha-latte.jpg",
            "ingredients": Array [
              Object {
                "name": "matcha green tea powder",
                "quantity": "1 teaspoon",
              },
              Object {
                "name": "sugar",
                "quantity": "2 teaspoons",
              },
              Object {
                "name": "warm water",
                "quantity": "3 tablespoons",
              },
              Object {
                "name": "cold milk",
                "quantity": "250ml",
              },
            ],
            "name": "Matcha Green Tea Latte",
            "slug": "matcha-green-tea-latte",
            "tags": Array [
              "quick&easy",
            ],
            "time": "5 minutes",
            "yields": "1 serving",
          }
        }
      />
      <RecipeCard
        key="mint-lemonade"
        recipe={
          Object {
            "addedAt": 1509630225607,
            "category": "drinks",
            "directions": "Blend the lemon juice, agave nectar, and mint leaves on high speed for 10 to 15 seconds or until the mint leaves are well blended. Pour into a pitcher and add 6 cups of the water. Keep adding water until it reaches your desired strength.",
            "image": "assets/images/lemonade.jpg",
            "ingredients": Array [
              Object {
                "name": "freshly squeezed lemon juice",
                "quantity": "1/2 cup",
              },
              Object {
                "name": "raw agave nectar",
                "quantity": "1/2 cup",
              },
              Object {
                "name": "mint leaves",
                "quantity": "1/2 cup",
              },
              Object {
                "name": "water",
                "quantity": "6 to 8 cups",
              },
            ],
            "name": "Mint Lemonade",
            "slug": "mint-lemonade",
            "tags": Array [
              "vegan",
              "quick&easy",
            ],
            "time": "10 minutes",
            "yields": "4 servings",
          }
        }
      />
      <RecipeCard
        key="espresso"
        recipe={
          Object {
            "addedAt": 1509543825607,
            "category": "drinks",
            "directions": "Place ground coffee in the filter of a drip coffeemaker. Add water; brew according to manufacturer's instructions. Serve immediately in espresso cups.",
            "image": "assets/images/espresso.jpg",
            "ingredients": Array [
              Object {
                "name": "ground coffee",
                "quantity": "1/2 cup",
              },
              Object {
                "name": "cold water",
                "quantity": "1 1/2 cups",
              },
            ],
            "name": "Espresso",
            "slug": "espresso",
            "tags": Array [
              "quick&easy",
            ],
            "time": "10 minutes",
            "yields": "4 servings",
          }
        }
      />
    </styled.div>
  </div>
</div>
`;
